

  █ TOTAL RESULTS 

    checks_total.......: 2121    36.674328/s
    checks_succeeded...: 100.00% 2121 out of 2121
    checks_failed......: 0.00%   0 out of 2121

    ✓ POST 201/202

    CUSTOM
    delete_antes_de_alta...........: 11.36% 241 out of 2121
    favorito_delete_duration.......: avg=68.09ms  min=3.76ms   med=53.78ms p(90)=142.21ms p(95)=192.32ms p(99)=288.49ms max=322.64ms
    favorito_get_duration..........: avg=62.93ms  min=2.8ms    med=51.57ms p(90)=124.33ms p(95)=159.58ms p(99)=237.59ms max=360.72ms
    favorito_post_duration.........: avg=47.91ms  min=1.9ms    med=34.13ms p(90)=93.97ms  p(95)=122.29ms p(99)=368.42ms max=714.86ms
    lectura_consistente............: 58.55% 1242 out of 2121

    HTTP
    http_req_duration..............: avg=63.6ms   min=1.9ms    med=46.45ms p(90)=123.3ms  p(95)=171.06ms p(99)=408.17ms max=714.86ms
      { expected_response:true }...: avg=63.6ms   min=1.9ms    med=46.45ms p(90)=123.3ms  p(95)=171.06ms p(99)=408.17ms max=714.86ms
    http_req_failed................: 0.00%  0 out of 6656
    http_reqs......................: 6656   115.089264/s

    EXECUTION
    iteration_duration.............: avg=712.29ms min=512.72ms med=650.2ms p(90)=993.83ms p(95)=1.15s    p(99)=1.27s    max=1.34s   
    iterations.....................: 2121   36.674328/s
    vus............................: 50     min=0            max=50
    vus_max........................: 50     min=50           max=50

    NETWORK
    data_received..................: 1.9 MB 32 kB/s
    data_sent......................: 2.2 MB 39 kB/s



